Beth Burns/Brett Shofiquel/Thomas Takamoto
Brennan McCloud/Brett Shofiquel/Thomas Takamoto
Brett Shofiquel/Thomas Takamoto
Enida MacConnell/Thomas Takamoto
Ibrahim Harvey/Brett Shofiquel/Thomas Takamoto
Jacob Allard/Brett Shofiquel/Thomas Takamoto
Jane Wong/Enida MacConnell/Thomas Takamoto
Marjorie Zaremby/Enida MacConnell/Thomas Takamoto
Shannon Takamoto/Brett Shofiquel/Thomas Takamoto
Thomas Takamoto
